// Jest Snapshot v1, https://goo.gl/fbAQLP

exports[`App component renders renders as intended 1`] = `
.c5 {
  box-shadow: 0 2px 8px 0 rgba(0,0,0,.25);
}

.c4 {
  display: -webkit-inline-box;
  display: -webkit-inline-flex;
  display: -ms-inline-flexbox;
  display: inline-flex;
  -webkit-flex-direction: column;
  -ms-flex-direction: column;
  flex-direction: column;
  margin: 20px;
}

.c2 {
  position: relative;
  width: 100%;
  height: auto;
  -webkit-align-self: stretch;
  -ms-flex-item-align: stretch;
  align-self: stretch;
}

.c1 {
  display: -webkit-box;
  display: -webkit-flex;
  display: -ms-flexbox;
  display: flex;
  -webkit-box-pack: justify;
  -webkit-justify-content: space-between;
  -ms-flex-pack: justify;
  justify-content: space-between;
  -webkit-align-items: center;
  -webkit-box-align: center;
  -ms-flex-align: center;
  align-items: center;
  -webkit-flex-direction: row;
  -ms-flex-direction: row;
  flex-direction: row;
  overflow-x: scroll;
  overflow-y: hidden;
  border-width: 1px 0;
  border-color: lightgray;
  border-style: solid;
  min-height: 256px;
  width: 100vw;
  position: relative;
}

.c3 {
  position: relative;
}

.c0 {
  width: 100vw;
  height: 100vh;
  display: -webkit-box;
  display: -webkit-flex;
  display: -ms-flexbox;
  display: flex;
  -webkit-box-pack: center;
  -webkit-justify-content: center;
  -ms-flex-pack: center;
  justify-content: center;
  -webkit-align-items: center;
  -webkit-box-align: center;
  -ms-flex-align: center;
  align-items: center;
  -webkit-flex-direction: column;
  -ms-flex-direction: column;
  flex-direction: column;
}

<div
  className="c0"
>
  <div
    className="c1"
    id="storyboard"
    onDragOver={[Function]}
    onDrop={[Function]}
  >
    <div
      className="c2"
      id="storyboard-0"
    />
    <div
      className="c2"
      id="storyboard-0"
    />
  </div>
  <div
    className="c1"
    id="pictureBank"
    onDragOver={[Function]}
    onDrop={[Function]}
  >
    <div
      className="c2"
      id="pictureBank-0"
    />
    <div
      className="c3"
      id="pictureBank"
    >
      <div
        className="c4"
      >
        <img
          alt="image1"
          className="c5"
          draggable={true}
          id="pictureBank-0"
          onDragStart={[Function]}
          src="image1.jpg"
        />
      </div>
    </div>
    <div
      className="c3"
      id="pictureBank"
    >
      <div
        className="c4"
      >
        <img
          alt="image2"
          className="c5"
          draggable={true}
          id="pictureBank-1"
          onDragStart={[Function]}
          src="image2.jpg"
        />
      </div>
    </div>
    <div
      className="c3"
      id="pictureBank"
    >
      <div
        className="c4"
      >
        <img
          alt="image3"
          className="c5"
          draggable={true}
          id="pictureBank-2"
          onDragStart={[Function]}
          src="image3.jpg"
        />
      </div>
    </div>
    <div
      className="c2"
      id="pictureBank-3"
    />
  </div>
</div>
`;
