// Jest Snapshot v1, https://goo.gl/fbAQLP

exports[`renders renders as intended 1`] = `
.c4 {
  color: #333333;
  font-size: 16px;
  font-family: Helvetica,Arial,sans-serif;
  margin-top: 12px;
  text-align: center;
}

.c3 {
  box-shadow: 0 2px 8px 0 rgba(0,0,0,.25);
}

.c2 {
  display: -webkit-inline-box;
  display: -webkit-inline-flex;
  display: -ms-inline-flexbox;
  display: inline-flex;
  -webkit-flex-direction: column;
  -ms-flex-direction: column;
  flex-direction: column;
  margin: 20px;
}

.c1 {
  display: -webkit-inline-box;
  display: -webkit-inline-flex;
  display: -ms-inline-flexbox;
  display: inline-flex;
  -webkit-flex-direction: row;
  -ms-flex-direction: row;
  flex-direction: row;
}

.c0 {
  width: 100vw;
  height: 100vh;
  display: -webkit-box;
  display: -webkit-flex;
  display: -ms-flexbox;
  display: flex;
  -webkit-box-pack: center;
  -webkit-justify-content: center;
  -ms-flex-pack: center;
  justify-content: center;
  -webkit-align-items: center;
  -webkit-box-align: center;
  -ms-flex-align: center;
  align-items: center;
}

<div
  className="c0"
>
  <div
    className="c1"
  >
    <div
      className="c2"
    >
      <img
        alt="breakfast"
        className="c3"
        src="breakfast.png"
      />
      <p
        className="c4"
      />
    </div>
    <div
      className="c2"
    >
      <img
        alt="getReady"
        className="c3"
        src="get-ready.png"
      />
      <p
        className="c4"
      />
    </div>
    <div
      className="c2"
    >
      <img
        alt="shoes"
        className="c3"
        src="shoes.png"
      />
      <p
        className="c4"
      />
    </div>
    <div
      className="c2"
    >
      <img
        alt="timedVideoGame"
        className="c3"
        src="timed-video-game.png"
      />
      <p
        className="c4"
      />
    </div>
    <div
      className="c2"
    >
      <img
        alt="toysTidiedUp"
        className="c3"
        src="toys-tidied-up.png"
      />
      <p
        className="c4"
      />
    </div>
    <div
      className="c2"
    >
      <img
        alt="washYourHands"
        className="c3"
        src="wash-your-hands.png"
      />
      <p
        className="c4"
      />
    </div>
  </div>
</div>
`;
