// Jest Snapshot v1, https://goo.gl/fbAQLP

exports[`Adder component renders as intended 1`] = `
.c0 {
  display: -webkit-box;
  display: -webkit-flex;
  display: -ms-flexbox;
  display: flex;
  -webkit-align-items: center;
  -webkit-box-align: center;
  -ms-flex-align: center;
  align-items: center;
  -webkit-box-pack: center;
  -webkit-justify-content: center;
  -ms-flex-pack: center;
  justify-content: center;
  height: 50px;
  width: 50px;
  font-size: 40px;
  border-style: dashed;
  border-color: lightgray;
}

.c0:first-child {
  margin-left: auto;
}

.c0:last-child {
  margin-right: auto;
}

<div
  className="c0"
  onClick={[Function]}
>
  <svg
    className={undefined}
    fill="currentColor"
    height="1em"
    stroke="currentColor"
    strokeWidth="0"
    style={
      Object {
        "color": undefined,
      }
    }
    viewBox="0 0 24 24"
    width="1em"
  >
    <path
      d="M19 13h-6v6h-2v-6H5v-2h6V5h2v6h6v2z"
    />
  </svg>
</div>
`;
